
ASEM-51 V1.3                                         Copyright (c) 2002 by W.W. Heinz                                         PAGE 1





       MCS-51 Family Macro Assembler   A S E M - 5 1   V 1.3
       =====================================================



	Source File:	.\Big Program V2.asm
	Object File:	.\Big Program V2.hex
	List File:	.\Big Program V2.lst



 Line  I  Addr  Code            Source

    1:				; ==============================================================================
    2:				; 8051 CALCULATOR - REQUIREMENT-COMPLETE VERSION 2
    3:				; Hardware: 4x4 keypad on P1, 16x2 HD44780-compatible LCD
    4:				; LCD data: P3.0-P3.7 | RS=P2.0 | RW=P2.1 | EN=P2.2
    5:				;
    6:				; KEYS
    7:				;   0..9       Decimal input
    8:				;   A/B/C/D    +, -, *, /
    9:				;   * then A   8-bit AND
   10:				;   * then B   8-bit OR
   11:				;   * then C   8-bit XOR
   12:				;   * then D   Select square; press # to calculate
   13:				;   #          Equals
   14:				;   * then #   Clear
   15:				;   * then 4   Manually scroll display left
   16:				;   * then 6   Manually scroll display right
   17:				;   *          Toggle next-page mode
   18:				;
   19:				; DISPLAY
   20:				;   Line 1: entered expression
   21:				;   Line 2: temporary READY, right-aligned signed result, or error message
   22:				;
   23:				; VALUES
   24:				;   R2:R3 = operand 1/result (high:low)
   25:				;   R4:R5 = operand 2        (high:low)
   26:				;   R6    = operator code
   27:				;   R7    = input state: 0=operand 1, 1=operand 2
   28:				;   20H.0 = error flag
   29:				;   20H.1 = next-page/shift flag
   30:				;   20H.2 = negative-result flag (R2:R3 stores the magnitude)
   31:				;   20H.3 = result-is-being-displayed flag
   32:				; ==============================================================================
   33:
   34:				; ----- Scratch RAM ------------------------------------------------------------
   35:		N      0030	DIGIT_TMP   EQU 30H             ; DIGIT TEMPORARY: most recently entered digit
   36:		N      0031	TMP_H       EQU 31H             ; TEMPORARY HIGH BYTE: high byte of working value
   37:		N      0032	TMP_L       EQU 32H             ; TEMPORARY LOW BYTE: low byte of working value
   38:		N      0033	QUO_H       EQU 33H             ; QUOTIENT HIGH BYTE: high byte of division quotient
   39:		N      0034	QUO_L       EQU 34H             ; QUOTIENT LOW BYTE: low byte of division quotient
   40:		N      0035	REM_H       EQU 35H             ; REMAINDER HIGH BYTE: high byte of division remainder
   41:		N      0036	REM_L       EQU 36H             ; REMAINDER LOW BYTE: low byte of division remainder
   42:		N      0037	MC0         EQU 37H             ; MULTIPLICAND BYTE 0: least-significant product byte
   43:		N      0038	MC1         EQU 38H             ; MULTIPLICAND BYTE 1

ASEM-51 V1.3                                         Copyright (c) 2002 by W.W. Heinz                                         PAGE 2



 Line  I  Addr  Code            Source

   44:		N      0039	MC2         EQU 39H             ; MULTIPLICAND BYTE 2
   45:		N      003A	MC3         EQU 3AH             ; MULTIPLICAND BYTE 3: most-significant product byte
   46:		N      003B	PROD0       EQU 3BH             ; PRODUCT BYTE 0: least-significant result byte
   47:		N      003C	PROD1       EQU 3CH             ; PRODUCT BYTE 1
   48:		N      003D	PROD2       EQU 3DH             ; PRODUCT BYTE 2: nonzero means 16-bit overflow
   49:		N      003E	PROD3       EQU 3EH             ; PRODUCT BYTE 3: most-significant result byte
   50:		N      003F	MUL0        EQU 3FH             ; MULTIPLIER LOW BYTE: low byte of second factor
   51:		N      0040	MUL1        EQU 40H             ; MULTIPLIER HIGH BYTE: high byte of second factor
   52:		N      0041	ERROR_CODE  EQU 41H             ; ERROR CODE: selects the LCD error message
   53:		N      0042	DIV_OVER    EQU 42H             ; DIVISION OVERFLOW BIT: temporary 17th remainder bit
   54:		N      0043	DIGIT_COUNT EQU 43H             ; DIGIT COUNT: decimal characters awaiting display
   55:
   56:				; Error codes
   57:				; 01H = overflow, 03H = divide by zero
   58:				; 04H = input greater than 65535
   59:				; 06H = logical operation requested with a negative ANS
   60:
   61:		N      0000	    ORG 0000H
   62:	  0000	02 00 03	    LJMP MAIN
   63:
   64:				; ==============================================================================
   65:				; INITIALISATION AND MAIN CONTROLLER
   66:				; ==============================================================================
   67:	  0003			MAIN:
   68:	  0003	75 81 5F	    MOV SP, #5FH                 ; Stack uses 60H upward, away from variables
   69:	  0006	75 90 FF	    MOV P1, #0FFH
   70:	  0009	12 01 B7	    LCALL LCD_INIT
   71:	  000C	12 01 30	    LCALL CLEAR_ALL
   72:
   73:	  000F			CALC_LOOP:
   74:	  000F	12 02 46	    LCALL KEYPAD_SCAN
   75:	  0012	B4 FF 03	    CJNE A, #0FFH, PROCESS_KEY
   76:	  0015	02 00 0F	    LJMP CALC_LOOP
   77:
   78:	  0018			PROCESS_KEY:
   79:	  0018	C0 E0		    PUSH ACC
   80:	  001A	12 02 DA	    LCALL WAIT_KEY_RELEASE
   81:	  001D	D0 E0		    POP ACC
   82:
   83:				    ; * toggles the next-page/shifted keypad layer.
   84:	  001F	B4 0E 05	    CJNE A, #0EH, CHECK_SHIFTED_DIGIT
   85:	  0022	B2 01		    CPL 20H.1
   86:	  0024	02 00 0F	    LJMP CALC_LOOP
   87:
   88:	  0027			CHECK_SHIFTED_DIGIT:
   89:	  0027	30 01 16	    JNB 20H.1, CHECK_DIGIT
   90:
   91:				    ; Page 2 + 4: scroll the entire LCD display left.
   92:	  002A	B4 04 08	    CJNE A, #04H, TRY_SCROLL_RIGHT
   93:	  002D	C2 01		    CLR 20H.1
   94:	  002F	12 02 0D	    LCALL LCD_SCROLL_LEFT
   95:	  0032	02 00 0F	    LJMP CALC_LOOP
   96:
   97:	  0035			TRY_SCROLL_RIGHT:
   98:				    ; Page 2 + 6: scroll the entire LCD display right.
   99:	  0035	B4 06 08	    CJNE A, #06H, CHECK_DIGIT

ASEM-51 V1.3                                         Copyright (c) 2002 by W.W. Heinz                                         PAGE 3



 Line  I  Addr  Code            Source

  100:	  0038	C2 01		    CLR 20H.1
  101:	  003A	12 02 13	    LCALL LCD_SCROLL_RIGHT
  102:	  003D	02 00 0F	    LJMP CALC_LOOP
  103:
  104:	  0040			CHECK_DIGIT:
  105:				    ; CJNE sets C when A < 0AH. The target is the next instruction.
  106:	  0040	B4 0A 00	    CJNE A, #0AH, $ + 3
  107:	  0043	50 24		    JNC CHECK_OPERATOR
  108:
  109:				    ; A page-2 digit other than 4/6 is treated as a normal digit.
  110:	  0045	C2 01		    CLR 20H.1
  111:
  112:				    ; A digit entered after a displayed result starts a fresh calculation.
  113:				    ; Operators use PREPARE_ANS_EXPRESSION instead and preserve the result.
  114:	  0047	30 03 07	    JNB 20H.3, DIGIT_ENTRY_READY
  115:	  004A	C0 E0		    PUSH ACC
  116:	  004C	12 01 63	    LCALL START_NEW_ENTRY
  117:	  004F	D0 E0		    POP ACC
  118:	  0051			DIGIT_ENTRY_READY:
  119:
  120:				    ; Store first. If the 16-bit input overflows, do not echo the rejected digit.
  121:	  0051	C0 E0		    PUSH ACC
  122:	  0053	12 02 F1	    LCALL ACCUMULATE_DIGIT
  123:	  0056	D0 E0		    POP ACC
  124:	  0058	20 00 08	    JB 20H.0, DIGIT_ERROR
  125:
  126:	  005B	24 30		    ADD A, #30H
  127:	  005D	12 01 DD	    LCALL LCD_DATA
  128:	  0060	02 00 0F	    LJMP CALC_LOOP
  129:
  130:	  0063			DIGIT_ERROR:
  131:	  0063	12 05 14	    LCALL DISPLAY_ERROR
  132:	  0066	02 00 0F	    LJMP CALC_LOOP
  133:
  134:				; ==============================================================================
  135:				; OPERATOR SELECTION
  136:				; ==============================================================================
  137:	  0069			CHECK_OPERATOR:
  138:				    ; Key A: addition or page-2 AND.
  139:	  0069	B4 0A 22	    CJNE A, #0AH, TRY_B
  140:	  006C	12 01 9E	    LCALL PREPARE_OPERATOR_ENTRY
  141:	  006F	30 00 03	    JNB 20H.0, OP_A_READY
  142:	  0072	02 00 0F	    LJMP CALC_LOOP
  143:	  0075			OP_A_READY:
  144:	  0075	20 01 0A	    JB 20H.1, SET_AND
  145:	  0078	7E 01		    MOV R6, #01H
  146:	  007A	74 2B		    MOV A, #'+'
  147:	  007C	12 01 DD	    LCALL LCD_DATA
  148:	  007F	02 01 2B	    LJMP NEXT_OPERAND
  149:
  150:	  0082			SET_AND:
  151:	  0082	C2 01		    CLR 20H.1
  152:	  0084	7E 05		    MOV R6, #05H
  153:	  0086	74 26		    MOV A, #'&'
  154:	  0088	12 01 DD	    LCALL LCD_DATA
  155:	  008B	02 01 2B	    LJMP NEXT_OPERAND

ASEM-51 V1.3                                         Copyright (c) 2002 by W.W. Heinz                                         PAGE 4



 Line  I  Addr  Code            Source

  156:
  157:	  008E			TRY_B:
  158:				    ; Key B: subtraction or page-2 OR.
  159:	  008E	B4 0B 22	    CJNE A, #0BH, TRY_C
  160:	  0091	12 01 9E	    LCALL PREPARE_OPERATOR_ENTRY
  161:	  0094	30 00 03	    JNB 20H.0, OP_B_READY
  162:	  0097	02 00 0F	    LJMP CALC_LOOP
  163:	  009A			OP_B_READY:
  164:	  009A	20 01 0A	    JB 20H.1, SET_OR
  165:	  009D	7E 02		    MOV R6, #02H
  166:	  009F	74 2D		    MOV A, #'-'
  167:	  00A1	12 01 DD	    LCALL LCD_DATA
  168:	  00A4	02 01 2B	    LJMP NEXT_OPERAND
  169:
  170:	  00A7			SET_OR:
  171:	  00A7	C2 01		    CLR 20H.1
  172:	  00A9	7E 06		    MOV R6, #06H
  173:	  00AB	74 7C		    MOV A, #'|'
  174:	  00AD	12 01 DD	    LCALL LCD_DATA
  175:	  00B0	02 01 2B	    LJMP NEXT_OPERAND
  176:
  177:	  00B3			TRY_C:
  178:				    ; Key C: multiplication or page-2 XOR.
  179:	  00B3	B4 0C 22	    CJNE A, #0CH, TRY_D
  180:	  00B6	12 01 9E	    LCALL PREPARE_OPERATOR_ENTRY
  181:	  00B9	30 00 03	    JNB 20H.0, OP_C_READY
  182:	  00BC	02 00 0F	    LJMP CALC_LOOP
  183:	  00BF			OP_C_READY:
  184:	  00BF	20 01 0A	    JB 20H.1, SET_XOR
  185:	  00C2	7E 03		    MOV R6, #03H
  186:	  00C4	74 2A		    MOV A, #'*'
  187:	  00C6	12 01 DD	    LCALL LCD_DATA
  188:	  00C9	02 01 2B	    LJMP NEXT_OPERAND
  189:
  190:	  00CC			SET_XOR:
  191:	  00CC	C2 01		    CLR 20H.1
  192:	  00CE	7E 07		    MOV R6, #07H
  193:	  00D0	74 58		    MOV A, #'X'                 ; LCD-safe XOR symbol
  194:	  00D2	12 01 DD	    LCALL LCD_DATA
  195:	  00D5	02 01 2B	    LJMP NEXT_OPERAND
  196:
  197:	  00D8			TRY_D:
  198:				    ; Key D: division or page-2 square.
  199:	  00D8	B4 0D 27	    CJNE A, #0DH, TRY_HASH
  200:	  00DB	12 01 9E	    LCALL PREPARE_OPERATOR_ENTRY
  201:	  00DE	30 00 03	    JNB 20H.0, OP_D_READY
  202:	  00E1	02 00 0F	    LJMP CALC_LOOP
  203:	  00E4			OP_D_READY:
  204:	  00E4	20 01 0A	    JB 20H.1, DO_SQUARE
  205:	  00E7	7E 04		    MOV R6, #04H
  206:	  00E9	74 2F		    MOV A, #'/'
  207:	  00EB	12 01 DD	    LCALL LCD_DATA
  208:	  00EE	02 01 2B	    LJMP NEXT_OPERAND
  209:
  210:	  00F1			DO_SQUARE:
  211:	  00F1	C2 01		    CLR 20H.1

ASEM-51 V1.3                                         Copyright (c) 2002 by W.W. Heinz                                         PAGE 5



 Line  I  Addr  Code            Source

  212:	  00F3	7E 08		    MOV R6, #08H
  213:	  00F5	74 5E		    MOV A, #'^'
  214:	  00F7	12 01 DD	    LCALL LCD_DATA
  215:	  00FA	74 32		    MOV A, #'2'
  216:	  00FC	12 01 DD	    LCALL LCD_DATA
  217:				    ; Square remains pending. HASH_EXECUTE performs it when # is pressed.
  218:	  00FF	02 00 0F	    LJMP CALC_LOOP
  219:
  220:	  0102			TRY_HASH:
  221:				    ; Key #: equals or page-2 clear.
  222:	  0102	B4 0F 23	    CJNE A, #0FH, UNKNOWN_KEY
  223:	  0105	20 01 1A	    JB 20H.1, DO_CLEAR
  224:	  0108	30 03 03	    JNB 20H.3, HASH_EXECUTE
  225:	  010B	02 00 0F	    LJMP CALC_LOOP
  226:
  227:	  010E			HASH_EXECUTE:
  228:	  010E	74 3D		    MOV A, #'='
  229:	  0110	12 01 DD	    LCALL LCD_DATA
  230:	  0113	20 00 06	    JB 20H.0, EQUALS_SHOW
  231:	  0116	75 41 00	    MOV ERROR_CODE, #00H
  232:	  0119	12 03 57	    LCALL EXECUTE_MATH
  233:	  011C			EQUALS_SHOW:
  234:	  011C	12 05 08	    LCALL DISPLAY_RESULT
  235:	  011F	02 00 0F	    LJMP CALC_LOOP
  236:
  237:	  0122			DO_CLEAR:
  238:	  0122	12 01 30	    LCALL CLEAR_ALL
  239:	  0125	02 00 0F	    LJMP CALC_LOOP
  240:
  241:	  0128			UNKNOWN_KEY:
  242:	  0128	02 00 0F	    LJMP CALC_LOOP
  243:
  244:	  012B			NEXT_OPERAND:
  245:	  012B	7F 01		    MOV R7, #01H
  246:	  012D	02 00 0F	    LJMP CALC_LOOP
  247:
  248:				; ==============================================================================
  249:				; CLEAR CALCULATOR AND PREPARE BOTH LCD LINES
  250:				; ==============================================================================
  251:	  0130			CLEAR_ALL:
  252:	  0130	7A 00		    MOV R2, #00H
  253:	  0132	7B 00		    MOV R3, #00H
  254:	  0134	7C 00		    MOV R4, #00H
  255:	  0136	7D 00		    MOV R5, #00H
  256:	  0138	7E 00		    MOV R6, #00H
  257:	  013A	7F 00		    MOV R7, #00H
  258:	  013C	75 41 00	    MOV ERROR_CODE, #00H
  259:	  013F	C2 00		    CLR 20H.0
  260:	  0141	C2 01		    CLR 20H.1
  261:	  0143	C2 02		    CLR 20H.2
  262:	  0145	C2 03		    CLR 20H.3
  263:
  264:	  0147	74 01		    MOV A, #01H                 ; LCD clear and home
  265:	  0149	12 01 CC	    LCALL LCD_CMD
  266:
  267:				    ; Demonstrate/use line 2 for status, then return input cursor to line 1.

ASEM-51 V1.3                                         Copyright (c) 2002 by W.W. Heinz                                         PAGE 6



 Line  I  Addr  Code            Source

  268:	  014C	74 C5		    MOV A, #0C5H                 ; Approximately centre the word READY
  269:	  014E	12 01 CC	    LCALL LCD_CMD
  270:	  0151	90 05 C7	    MOV DPTR, #STR_READY
  271:	  0154	12 01 EE	    LCALL LCD_PUTS
  272:	  0157	12 02 2D	    LCALL READY_DELAY
  273:	  015A	12 01 F9	    LCALL LCD_CLEAR_LINE2
  274:	  015D	74 80		    MOV A, #080H
  275:	  015F	12 01 CC	    LCALL LCD_CMD
  276:	  0162	22		    RET
  277:
  278:	  0163			START_NEW_ENTRY:
  279:				    ; Clear the old result immediately; do not show READY again.
  280:	  0163	7A 00		    MOV R2, #00H
  281:	  0165	7B 00		    MOV R3, #00H
  282:	  0167	7C 00		    MOV R4, #00H
  283:	  0169	7D 00		    MOV R5, #00H
  284:	  016B	7E 00		    MOV R6, #00H
  285:	  016D	7F 00		    MOV R7, #00H
  286:	  016F	75 41 00	    MOV ERROR_CODE, #00H
  287:	  0172	C2 00		    CLR 20H.0
  288:	  0174	C2 01		    CLR 20H.1
  289:	  0176	C2 02		    CLR 20H.2
  290:	  0178	C2 03		    CLR 20H.3
  291:	  017A	74 01		    MOV A, #01H
  292:	  017C	12 01 CC	    LCALL LCD_CMD
  293:	  017F	22		    RET
  294:
  295:	  0180			PREPARE_ANS_EXPRESSION:
  296:				    ; An operator entered after a result starts a chained calculation.
  297:				    ; Preserve R2:R3 and the sign, clear operand 2, and show "ANS" on line 1.
  298:	  0180	30 03 1A	    JNB 20H.3, PREPARE_ANS_DONE
  299:	  0183	7C 00		    MOV R4, #00H
  300:	  0185	7D 00		    MOV R5, #00H
  301:	  0187	7E 00		    MOV R6, #00H
  302:	  0189	7F 00		    MOV R7, #00H
  303:	  018B	75 41 00	    MOV ERROR_CODE, #00H
  304:	  018E	C2 00		    CLR 20H.0
  305:	  0190	C2 03		    CLR 20H.3
  306:	  0192	74 01		    MOV A, #01H
  307:	  0194	12 01 CC	    LCALL LCD_CMD
  308:	  0197	90 05 CD	    MOV DPTR, #STR_ANS
  309:	  019A	12 01 EE	    LCALL LCD_PUTS
  310:	  019D			PREPARE_ANS_DONE:
  311:	  019D	22		    RET
  312:
  313:	  019E			PREPARE_OPERATOR_ENTRY:
  314:				    ; If a result is already visible, start a calculation using that ANS.
  315:	  019E	20 00 15	    JB 20H.0, PREPARE_OPERATOR_DONE
  316:	  01A1	20 03 0B	    JB 20H.3, PREPARE_OPERATOR_USE_ANS
  317:
  318:				    ; If operand 2 is active, evaluate the pending operation before accepting
  319:				    ; another operator. This makes 11+11+11 evaluate as (11+11)+11 = 33.
  320:	  01A4	BF 01 0F	    CJNE R7, #01H, PREPARE_OPERATOR_DONE
  321:	  01A7	12 03 57	    LCALL EXECUTE_MATH
  322:	  01AA	20 00 06	    JB 20H.0, PREPARE_OPERATOR_ERROR
  323:	  01AD	D2 03		    SETB 20H.3

ASEM-51 V1.3                                         Copyright (c) 2002 by W.W. Heinz                                         PAGE 7



 Line  I  Addr  Code            Source

  324:
  325:	  01AF			PREPARE_OPERATOR_USE_ANS:
  326:	  01AF	12 01 80	    LCALL PREPARE_ANS_EXPRESSION
  327:	  01B2	22		    RET
  328:
  329:	  01B3			PREPARE_OPERATOR_ERROR:
  330:	  01B3	12 05 14	    LCALL DISPLAY_ERROR
  331:	  01B6			PREPARE_OPERATOR_DONE:
  332:	  01B6	22		    RET
  333:
  334:				; ==============================================================================
  335:				; LCD DRIVER AND TWO-LINE TEXT OUTPUT
  336:				; ==============================================================================
  337:	  01B7			LCD_INIT:
  338:	  01B7	74 38		    MOV A, #038H                 ; 8-bit interface, 2 lines, 5x8 font
  339:	  01B9	12 01 CC	    LCALL LCD_CMD
  340:	  01BC	74 0C		    MOV A, #00CH                 ; Display on, cursor and blink off
  341:	  01BE	12 01 CC	    LCALL LCD_CMD
  342:	  01C1	74 06		    MOV A, #006H                 ; Increment cursor, no automatic shift
  343:	  01C3	12 01 CC	    LCALL LCD_CMD
  344:	  01C6	74 01		    MOV A, #001H
  345:	  01C8	12 01 CC	    LCALL LCD_CMD
  346:	  01CB	22		    RET
  347:
  348:	  01CC			LCD_CMD:
  349:	  01CC	F5 B0		    MOV P3, A
  350:	  01CE	C2 A0		    CLR P2.0                     ; RS=0: command
  351:	  01D0	C2 A1		    CLR P2.1                     ; RW=0: write
  352:	  01D2	D2 A2		    SETB P2.2
  353:	  01D4	12 02 19	    LCALL SHORT_DELAY
  354:	  01D7	C2 A2		    CLR P2.2
  355:	  01D9	12 02 1C	    LCALL LCD_DELAY
  356:	  01DC	22		    RET
  357:
  358:	  01DD			LCD_DATA:
  359:	  01DD	F5 B0		    MOV P3, A
  360:	  01DF	D2 A0		    SETB P2.0                    ; RS=1: character data
  361:	  01E1	C2 A1		    CLR P2.1
  362:	  01E3	D2 A2		    SETB P2.2
  363:	  01E5	12 02 19	    LCALL SHORT_DELAY
  364:	  01E8	C2 A2		    CLR P2.2
  365:	  01EA	12 02 1C	    LCALL LCD_DELAY
  366:	  01ED	22		    RET
  367:
  368:	  01EE			LCD_PUTS:
  369:				    ; Print a zero-terminated code-memory string addressed by DPTR.
  370:	  01EE	E4		    CLR A
  371:	  01EF	93		    MOVC A, @A+DPTR
  372:	  01F0	60 06		    JZ LCD_PUTS_DONE
  373:	  01F2	12 01 DD	    LCALL LCD_DATA
  374:	  01F5	A3		    INC DPTR
  375:	  01F6	80 F6		    SJMP LCD_PUTS
  376:	  01F8			LCD_PUTS_DONE:
  377:	  01F8	22		    RET
  378:
  379:	  01F9			LCD_CLEAR_LINE2:

ASEM-51 V1.3                                         Copyright (c) 2002 by W.W. Heinz                                         PAGE 8



 Line  I  Addr  Code            Source

  380:	  01F9	74 C0		    MOV A, #0C0H
  381:	  01FB	12 01 CC	    LCALL LCD_CMD
  382:	  01FE	78 10		    MOV R0, #16
  383:	  0200			LCD_CLEAR_L2_LOOP:
  384:	  0200	74 20		    MOV A, #' '
  385:	  0202	12 01 DD	    LCALL LCD_DATA
  386:	  0205	D8 F9		    DJNZ R0, LCD_CLEAR_L2_LOOP
  387:	  0207	74 C0		    MOV A, #0C0H
  388:	  0209	12 01 CC	    LCALL LCD_CMD
  389:	  020C	22		    RET
  390:
  391:	  020D			LCD_SCROLL_LEFT:
  392:	  020D	74 18		    MOV A, #018H                 ; HD44780 display-shift-left command
  393:	  020F	12 01 CC	    LCALL LCD_CMD
  394:	  0212	22		    RET
  395:
  396:	  0213			LCD_SCROLL_RIGHT:
  397:	  0213	74 1C		    MOV A, #01CH                 ; HD44780 display-shift-right command
  398:	  0215	12 01 CC	    LCALL LCD_CMD
  399:	  0218	22		    RET
  400:
  401:	  0219			SHORT_DELAY:
  402:	  0219	00		    NOP
  403:	  021A	00		    NOP
  404:	  021B	22		    RET
  405:
  406:	  021C			LCD_DELAY:
  407:	  021C	C0 00		    PUSH 00H                     ; Preserve register-bank-0 R0 and R1
  408:	  021E	C0 01		    PUSH 01H
  409:	  0220	78 04		    MOV R0, #4
  410:	  0222			LCD_D_LOOP1:
  411:	  0222	79 FF		    MOV R1, #255
  412:	  0224	D9 FE		    DJNZ R1, $
  413:	  0226	D8 FA		    DJNZ R0, LCD_D_LOOP1
  414:	  0228	D0 01		    POP 01H
  415:	  022A	D0 00		    POP 00H
  416:	  022C	22		    RET
  417:
  418:	  022D			READY_DELAY:
  419:				    ; Roughly one second on a classic 12-clock 11.0592/12 MHz 8051.
  420:				    ; Adjust the outer count if the target oscillator is substantially different.
  421:	  022D	C0 00		    PUSH 00H
  422:	  022F	C0 01		    PUSH 01H
  423:	  0231	C0 02		    PUSH 02H
  424:	  0233	7A 08		    MOV R2, #8
  425:	  0235			READY_D_OUTER:
  426:	  0235	78 FF		    MOV R0, #255
  427:	  0237			READY_D_MIDDLE:
  428:	  0237	79 FF		    MOV R1, #255
  429:	  0239	D9 FE		    DJNZ R1, $
  430:	  023B	D8 FA		    DJNZ R0, READY_D_MIDDLE
  431:	  023D	DA F6		    DJNZ R2, READY_D_OUTER
  432:	  023F	D0 02		    POP 02H
  433:	  0241	D0 01		    POP 01H
  434:	  0243	D0 00		    POP 00H
  435:	  0245	22		    RET

ASEM-51 V1.3                                         Copyright (c) 2002 by W.W. Heinz                                         PAGE 9



 Line  I  Addr  Code            Source

  436:
  437:				; ==============================================================================
  438:				; KEYPAD SCANNING AND DEBOUNCE
  439:				; ==============================================================================
  440:	  0246			KEYPAD_SCAN:
  441:	  0246	75 90 F0	    MOV P1, #0F0H                ; Rows low, columns released high
  442:	  0249	E5 90		    MOV A, P1
  443:	  024B	54 F0		    ANL A, #0F0H
  444:	  024D	B4 F0 03	    CJNE A, #0F0H, KEY_FOUND
  445:	  0250	74 FF		    MOV A, #0FFH
  446:	  0252	22		    RET
  447:
  448:	  0253			KEY_FOUND:
  449:	  0253	12 02 E8	    LCALL DEBOUNCE_DELAY
  450:	  0256	75 90 F0	    MOV P1, #0F0H
  451:	  0259	E5 90		    MOV A, P1
  452:	  025B	54 F0		    ANL A, #0F0H
  453:	  025D	B4 F0 03	    CJNE A, #0F0H, SCAN_ROW_0
  454:	  0260	74 FF		    MOV A, #0FFH
  455:	  0262	22		    RET
  456:
  457:	  0263			SCAN_ROW_0:
  458:	  0263	75 90 FE	    MOV P1, #0FEH
  459:	  0266	E5 90		    MOV A, P1
  460:	  0268	30 E4 42	    JNB ACC.4, GOT_KEY_1
  461:	  026B	30 E5 42	    JNB ACC.5, GOT_KEY_2
  462:	  026E	30 E6 42	    JNB ACC.6, GOT_KEY_3
  463:	  0271	30 E7 54	    JNB ACC.7, GOT_KEY_A
  464:
  465:	  0274			SCAN_ROW_1:
  466:	  0274	75 90 FD	    MOV P1, #0FDH
  467:	  0277	E5 90		    MOV A, P1
  468:	  0279	30 E4 3A	    JNB ACC.4, GOT_KEY_4
  469:	  027C	30 E5 3A	    JNB ACC.5, GOT_KEY_5
  470:	  027F	30 E6 3A	    JNB ACC.6, GOT_KEY_6
  471:	  0282	30 E7 46	    JNB ACC.7, GOT_KEY_B
  472:
  473:	  0285			SCAN_ROW_2:
  474:	  0285	75 90 FB	    MOV P1, #0FBH
  475:	  0288	E5 90		    MOV A, P1
  476:	  028A	30 E4 32	    JNB ACC.4, GOT_KEY_7
  477:	  028D	30 E5 32	    JNB ACC.5, GOT_KEY_8
  478:	  0290	30 E6 32	    JNB ACC.6, GOT_KEY_9
  479:	  0293	30 E7 38	    JNB ACC.7, GOT_KEY_C
  480:
  481:	  0296			SCAN_ROW_3:
  482:	  0296	75 90 F7	    MOV P1, #0F7H
  483:	  0299	E5 90		    MOV A, P1
  484:	  029B	30 E4 36	    JNB ACC.4, GOT_KEY_STAR
  485:	  029E	30 E5 09	    JNB ACC.5, GOT_KEY_0
  486:	  02A1	30 E6 33	    JNB ACC.6, GOT_KEY_HASH
  487:	  02A4	30 E7 2A	    JNB ACC.7, GOT_KEY_D
  488:	  02A7	74 FF		    MOV A, #0FFH
  489:	  02A9	22		    RET
  490:
  491:	  02AA	74 00		GOT_KEY_0:     MOV A, #00H

ASEM-51 V1.3                                        Copyright (c) 2002 by W.W. Heinz                                         PAGE 10



 Line  I  Addr  Code            Source

  492:	  02AC	22		               RET
  493:	  02AD	74 01		GOT_KEY_1:     MOV A, #01H
  494:	  02AF	22		               RET
  495:	  02B0	74 02		GOT_KEY_2:     MOV A, #02H
  496:	  02B2	22		               RET
  497:	  02B3	74 03		GOT_KEY_3:     MOV A, #03H
  498:	  02B5	22		               RET
  499:	  02B6	74 04		GOT_KEY_4:     MOV A, #04H
  500:	  02B8	22		               RET
  501:	  02B9	74 05		GOT_KEY_5:     MOV A, #05H
  502:	  02BB	22		               RET
  503:	  02BC	74 06		GOT_KEY_6:     MOV A, #06H
  504:	  02BE	22		               RET
  505:	  02BF	74 07		GOT_KEY_7:     MOV A, #07H
  506:	  02C1	22		               RET
  507:	  02C2	74 08		GOT_KEY_8:     MOV A, #08H
  508:	  02C4	22		               RET
  509:	  02C5	74 09		GOT_KEY_9:     MOV A, #09H
  510:	  02C7	22		               RET
  511:	  02C8	74 0A		GOT_KEY_A:     MOV A, #0AH
  512:	  02CA	22		               RET
  513:	  02CB	74 0B		GOT_KEY_B:     MOV A, #0BH
  514:	  02CD	22		               RET
  515:	  02CE	74 0C		GOT_KEY_C:     MOV A, #0CH
  516:	  02D0	22		               RET
  517:	  02D1	74 0D		GOT_KEY_D:     MOV A, #0DH
  518:	  02D3	22		               RET
  519:	  02D4	74 0E		GOT_KEY_STAR:  MOV A, #0EH
  520:	  02D6	22		               RET
  521:	  02D7	74 0F		GOT_KEY_HASH:  MOV A, #0FH
  522:	  02D9	22		               RET
  523:
  524:	  02DA			WAIT_KEY_RELEASE:
  525:	  02DA	75 90 F0	    MOV P1, #0F0H
  526:	  02DD	E5 90		    MOV A, P1
  527:	  02DF	54 F0		    ANL A, #0F0H
  528:	  02E1	B4 F0 F6	    CJNE A, #0F0H, WAIT_KEY_RELEASE
  529:	  02E4	12 02 E8	    LCALL DEBOUNCE_DELAY
  530:	  02E7	22		    RET
  531:
  532:	  02E8			DEBOUNCE_DELAY:
  533:				    ; Approximately milliseconds on a classic 12-clock 8051; tune for crystal.
  534:	  02E8	78 14		    MOV R0, #20
  535:	  02EA			DEBOUNCE_OUTER:
  536:	  02EA	79 FF		    MOV R1, #255
  537:	  02EC	D9 FE		    DJNZ R1, $
  538:	  02EE	D8 FA		    DJNZ R0, DEBOUNCE_OUTER
  539:	  02F0	22		    RET
  540:
  541:				; ==============================================================================
  542:				; DECIMAL INPUT: VALUE = VALUE * 10 + DIGIT, WITH 16-BIT RANGE CHECK
  543:				; ==============================================================================
  544:	  02F1			ACCUMULATE_DIGIT:
  545:	  02F1	F5 30		    MOV DIGIT_TMP, A
  546:	  02F3	BF 00 1C	    CJNE R7, #00H, ACC_OP2
  547:

ASEM-51 V1.3                                        Copyright (c) 2002 by W.W. Heinz                                         PAGE 11



 Line  I  Addr  Code            Source

  548:	  02F6	8A 31		    MOV TMP_H, R2
  549:	  02F8	8B 32		    MOV TMP_L, R3
  550:	  02FA	12 03 2E	    LCALL MUL10_TMP_CHECK
  551:	  02FD	40 52		    JC INPUT_TOO_LARGE
  552:
  553:	  02FF	E5 32		    MOV A, TMP_L
  554:	  0301	25 30		    ADD A, DIGIT_TMP
  555:	  0303	F5 32		    MOV TMP_L, A
  556:	  0305	E5 31		    MOV A, TMP_H
  557:	  0307	34 00		    ADDC A, #00H
  558:	  0309	40 46		    JC INPUT_TOO_LARGE
  559:	  030B	F5 31		    MOV TMP_H, A
  560:
  561:	  030D	AA 31		    MOV R2, TMP_H
  562:	  030F	AB 32		    MOV R3, TMP_L
  563:	  0311	22		    RET
  564:
  565:	  0312			ACC_OP2:
  566:	  0312	8C 31		    MOV TMP_H, R4
  567:	  0314	8D 32		    MOV TMP_L, R5
  568:	  0316	12 03 2E	    LCALL MUL10_TMP_CHECK
  569:	  0319	40 36		    JC INPUT_TOO_LARGE
  570:
  571:	  031B	E5 32		    MOV A, TMP_L
  572:	  031D	25 30		    ADD A, DIGIT_TMP
  573:	  031F	F5 32		    MOV TMP_L, A
  574:	  0321	E5 31		    MOV A, TMP_H
  575:	  0323	34 00		    ADDC A, #00H
  576:	  0325	40 2A		    JC INPUT_TOO_LARGE
  577:	  0327	F5 31		    MOV TMP_H, A
  578:
  579:	  0329	AC 31		    MOV R4, TMP_H
  580:	  032B	AD 32		    MOV R5, TMP_L
  581:	  032D	22		    RET
  582:
  583:	  032E			MUL10_TMP_CHECK:
  584:				    ; Multiply TMP_H:TMP_L by 10. Return C=1 if it exceeds 16 bits.
  585:	  032E	E5 32		    MOV A, TMP_L
  586:	  0330	75 F0 0A	    MOV B, #10
  587:	  0333	A4		    MUL AB
  588:	  0334	F5 32		    MOV TMP_L, A
  589:	  0336	85 F0 36	    MOV REM_L, B
  590:
  591:	  0339	E5 31		    MOV A, TMP_H
  592:	  033B	75 F0 0A	    MOV B, #10
  593:	  033E	A4		    MUL AB
  594:	  033F	F5 31		    MOV TMP_H, A
  595:	  0341	E5 F0		    MOV A, B
  596:	  0343	70 0A		    JNZ MUL10_OVERFLOW
  597:
  598:	  0345	E5 31		    MOV A, TMP_H
  599:	  0347	25 36		    ADD A, REM_L
  600:	  0349	F5 31		    MOV TMP_H, A
  601:	  034B	40 02		    JC MUL10_OVERFLOW
  602:	  034D	C3		    CLR C
  603:	  034E	22		    RET

ASEM-51 V1.3                                        Copyright (c) 2002 by W.W. Heinz                                         PAGE 12



 Line  I  Addr  Code            Source

  604:
  605:	  034F			MUL10_OVERFLOW:
  606:	  034F	D3		    SETB C
  607:	  0350	22		    RET
  608:
  609:	  0351			INPUT_TOO_LARGE:
  610:	  0351	75 41 04	    MOV ERROR_CODE, #04H
  611:	  0354	02 05 05	    LJMP SET_ERROR
  612:
  613:				; ==============================================================================
  614:				; ALU DISPATCHER
  615:				; ==============================================================================
  616:	  0357			EXECUTE_MATH:
  617:	  0357	EE		    MOV A, R6
  618:	  0358	B4 01 04	    CJNE A, #01H, CHK_SUB
  619:	  035B	12 03 91	    LCALL MATH_ADD
  620:	  035E	22		    RET
  621:	  035F			CHK_SUB:
  622:	  035F	B4 02 04	    CJNE A, #02H, CHK_MUL
  623:	  0362	12 03 BE	    LCALL MATH_SUB
  624:	  0365	22		    RET
  625:	  0366			CHK_MUL:
  626:	  0366	B4 03 04	    CJNE A, #03H, CHK_DIV
  627:	  0369	12 03 ED	    LCALL MATH_MUL
  628:	  036C	22		    RET
  629:	  036D			CHK_DIV:
  630:	  036D	B4 04 04	    CJNE A, #04H, CHK_AND
  631:	  0370	12 04 5E	    LCALL MATH_DIV
  632:	  0373	22		    RET
  633:	  0374			CHK_AND:
  634:	  0374	B4 05 04	    CJNE A, #05H, CHK_OR
  635:	  0377	12 04 D8	    LCALL LOGIC_AND
  636:	  037A	22		    RET
  637:	  037B			CHK_OR:
  638:	  037B	B4 06 04	    CJNE A, #06H, CHK_XOR
  639:	  037E	12 04 E1	    LCALL LOGIC_OR
  640:	  0381	22		    RET
  641:	  0382			CHK_XOR:
  642:	  0382	B4 07 04	    CJNE A, #07H, CHK_SQUARE
  643:	  0385	12 04 EA	    LCALL LOGIC_XOR
  644:	  0388	22		    RET
  645:	  0389			CHK_SQUARE:
  646:	  0389	B4 08 04	    CJNE A, #08H, NO_OPERATOR_SELECTED
  647:	  038C	12 04 CC	    LCALL MATH_SQUARE
  648:	  038F	22		    RET
  649:	  0390			NO_OPERATOR_SELECTED:
  650:				    ; Equals without an operator treats operand 1 as the answer.
  651:	  0390	22		    RET
  652:
  653:				; ==============================================================================
  654:				; 16-BIT ARITHMETIC
  655:				; ==============================================================================
  656:	  0391			MATH_ADD:
  657:				    ; Normal case: positive operand 1 + positive operand 2.
  658:				    ; Chained negative ANS case: (-magnitude) + operand 2.
  659:	  0391	20 02 0C	    JB 20H.2, ADD_TO_NEGATIVE_ANS

ASEM-51 V1.3                                        Copyright (c) 2002 by W.W. Heinz                                         PAGE 13



 Line  I  Addr  Code            Source

  660:	  0394	EB		    MOV A, R3
  661:	  0395	2D		    ADD A, R5
  662:	  0396	FB		    MOV R3, A
  663:	  0397	EA		    MOV A, R2
  664:	  0398	3C		    ADDC A, R4
  665:	  0399	FA		    MOV R2, A
  666:	  039A	50 03		    JNC ADD_OK
  667:	  039C	02 04 F9	    LJMP ARITH_OVERFLOW
  668:	  039F			ADD_OK:
  669:	  039F	22		    RET
  670:
  671:	  03A0			ADD_TO_NEGATIVE_ANS:
  672:				    ; Compare operand 2 with the stored negative magnitude.
  673:	  03A0	EC		    MOV A, R4
  674:	  03A1	C3		    CLR C
  675:	  03A2	9A		    SUBB A, R2
  676:	  03A3	40 11		    JC ADD_NEG_MAG_LARGER
  677:	  03A5	70 05		    JNZ ADD_POS_MAG_LARGER
  678:	  03A7	ED		    MOV A, R5
  679:	  03A8	C3		    CLR C
  680:	  03A9	9B		    SUBB A, R3
  681:	  03AA	40 0A		    JC ADD_NEG_MAG_LARGER
  682:
  683:	  03AC			ADD_POS_MAG_LARGER:
  684:				    ; operand2 >= magnitude: result is positive operand2-magnitude.
  685:	  03AC	C3		    CLR C
  686:	  03AD	ED		    MOV A, R5
  687:	  03AE	9B		    SUBB A, R3
  688:	  03AF	FB		    MOV R3, A
  689:	  03B0	EC		    MOV A, R4
  690:	  03B1	9A		    SUBB A, R2
  691:	  03B2	FA		    MOV R2, A
  692:	  03B3	C2 02		    CLR 20H.2
  693:	  03B5	22		    RET
  694:
  695:	  03B6			ADD_NEG_MAG_LARGER:
  696:				    ; magnitude > operand2: result remains negative magnitude-operand2.
  697:	  03B6	C3		    CLR C
  698:	  03B7	EB		    MOV A, R3
  699:	  03B8	9D		    SUBB A, R5
  700:	  03B9	FB		    MOV R3, A
  701:	  03BA	EA		    MOV A, R2
  702:	  03BB	9C		    SUBB A, R4
  703:	  03BC	FA		    MOV R2, A
  704:	  03BD	22		    RET
  705:
  706:	  03BE			MATH_SUB:
  707:				    ; A negative chained ANS gives (-magnitude)-operand2. Add magnitudes,
  708:				    ; retaining the negative sign and detecting magnitude overflow.
  709:	  03BE	20 02 20	    JB 20H.2, SUB_FROM_NEGATIVE_ANS
  710:
  711:				    ; Compare positive operand 1 with operand 2 before subtracting.
  712:	  03C1	EA		    MOV A, R2
  713:	  03C2	C3		    CLR C
  714:	  03C3	9C		    SUBB A, R4
  715:	  03C4	40 11		    JC SUB_RESULT_NEGATIVE

ASEM-51 V1.3                                        Copyright (c) 2002 by W.W. Heinz                                         PAGE 14



 Line  I  Addr  Code            Source

  716:	  03C6	70 05		    JNZ SUB_RESULT_POSITIVE
  717:	  03C8	EB		    MOV A, R3
  718:	  03C9	C3		    CLR C
  719:	  03CA	9D		    SUBB A, R5
  720:	  03CB	40 0A		    JC SUB_RESULT_NEGATIVE
  721:
  722:	  03CD			SUB_RESULT_POSITIVE:
  723:	  03CD	C3		    CLR C
  724:	  03CE	EB		    MOV A, R3
  725:	  03CF	9D		    SUBB A, R5
  726:	  03D0	FB		    MOV R3, A
  727:	  03D1	EA		    MOV A, R2
  728:	  03D2	9C		    SUBB A, R4
  729:	  03D3	FA		    MOV R2, A
  730:	  03D4	C2 02		    CLR 20H.2
  731:	  03D6	22		    RET
  732:
  733:	  03D7			SUB_RESULT_NEGATIVE:
  734:				    ; Store the magnitude operand2-operand1 and mark it as negative.
  735:	  03D7	C3		    CLR C
  736:	  03D8	ED		    MOV A, R5
  737:	  03D9	9B		    SUBB A, R3
  738:	  03DA	FB		    MOV R3, A
  739:	  03DB	EC		    MOV A, R4
  740:	  03DC	9A		    SUBB A, R2
  741:	  03DD	FA		    MOV R2, A
  742:	  03DE	D2 02		    SETB 20H.2
  743:	  03E0	22		    RET
  744:
  745:	  03E1			SUB_FROM_NEGATIVE_ANS:
  746:	  03E1	EB		    MOV A, R3
  747:	  03E2	2D		    ADD A, R5
  748:	  03E3	FB		    MOV R3, A
  749:	  03E4	EA		    MOV A, R2
  750:	  03E5	3C		    ADDC A, R4
  751:	  03E6	FA		    MOV R2, A
  752:	  03E7	50 03		    JNC SUB_NEG_OK
  753:	  03E9	02 04 F9	    LJMP ARITH_OVERFLOW
  754:	  03EC			SUB_NEG_OK:
  755:	  03EC	22		    RET
  756:
  757:	  03ED			MATH_MUL:
  758:				    ; Shift-and-add 16x16 multiplication. A 32-bit scratch product permits
  759:				    ; reliable overflow detection; a valid result must have PROD3:PROD2 = 0.
  760:	  03ED	8B 37		    MOV MC0, R3
  761:	  03EF	8A 38		    MOV MC1, R2
  762:	  03F1	75 39 00	    MOV MC2, #00H
  763:	  03F4	75 3A 00	    MOV MC3, #00H
  764:	  03F7	8D 3F		    MOV MUL0, R5
  765:	  03F9	8C 40		    MOV MUL1, R4
  766:	  03FB	75 3B 00	    MOV PROD0, #00H
  767:	  03FE	75 3C 00	    MOV PROD1, #00H
  768:	  0401	75 3D 00	    MOV PROD2, #00H
  769:	  0404	75 3E 00	    MOV PROD3, #00H
  770:	  0407	78 10		    MOV R0, #16
  771:

ASEM-51 V1.3                                        Copyright (c) 2002 by W.W. Heinz                                         PAGE 15



 Line  I  Addr  Code            Source

  772:	  0409			MUL16_LOOP:
  773:	  0409	E5 3F		    MOV A, MUL0
  774:	  040B	54 01		    ANL A, #01H
  775:	  040D	60 19		    JZ MUL16_NO_ADD
  776:
  777:	  040F	C3		    CLR C
  778:	  0410	E5 3B		    MOV A, PROD0
  779:	  0412	25 37		    ADD A, MC0
  780:	  0414	F5 3B		    MOV PROD0, A
  781:	  0416	E5 3C		    MOV A, PROD1
  782:	  0418	35 38		    ADDC A, MC1
  783:	  041A	F5 3C		    MOV PROD1, A
  784:	  041C	E5 3D		    MOV A, PROD2
  785:	  041E	35 39		    ADDC A, MC2
  786:	  0420	F5 3D		    MOV PROD2, A
  787:	  0422	E5 3E		    MOV A, PROD3
  788:	  0424	35 3A		    ADDC A, MC3
  789:	  0426	F5 3E		    MOV PROD3, A
  790:
  791:	  0428			MUL16_NO_ADD:
  792:	  0428	C3		    CLR C
  793:	  0429	E5 37		    MOV A, MC0
  794:	  042B	33		    RLC A
  795:	  042C	F5 37		    MOV MC0, A
  796:	  042E	E5 38		    MOV A, MC1
  797:	  0430	33		    RLC A
  798:	  0431	F5 38		    MOV MC1, A
  799:	  0433	E5 39		    MOV A, MC2
  800:	  0435	33		    RLC A
  801:	  0436	F5 39		    MOV MC2, A
  802:	  0438	E5 3A		    MOV A, MC3
  803:	  043A	33		    RLC A
  804:	  043B	F5 3A		    MOV MC3, A
  805:
  806:	  043D	C3		    CLR C
  807:	  043E	E5 40		    MOV A, MUL1
  808:	  0440	13		    RRC A
  809:	  0441	F5 40		    MOV MUL1, A
  810:	  0443	E5 3F		    MOV A, MUL0
  811:	  0445	13		    RRC A
  812:	  0446	F5 3F		    MOV MUL0, A
  813:	  0448	D8 BF		    DJNZ R0, MUL16_LOOP
  814:
  815:	  044A	E5 3D		    MOV A, PROD2
  816:	  044C	45 3E		    ORL A, PROD3
  817:	  044E	60 03		    JZ MUL16_VALID
  818:	  0450	02 04 F9	    LJMP ARITH_OVERFLOW
  819:	  0453			MUL16_VALID:
  820:	  0453	AA 3C		    MOV R2, PROD1
  821:	  0455	AB 3B		    MOV R3, PROD0
  822:	  0457	EA		    MOV A, R2
  823:	  0458	4B		    ORL A, R3
  824:	  0459	70 02		    JNZ MUL16_KEEP_SIGN
  825:	  045B	C2 02		    CLR 20H.2                    ; Never display negative zero
  826:	  045D			MUL16_KEEP_SIGN:
  827:	  045D	22		    RET

ASEM-51 V1.3                                        Copyright (c) 2002 by W.W. Heinz                                         PAGE 16



 Line  I  Addr  Code            Source

  828:
  829:	  045E			MATH_DIV:
  830:				    ; Unsigned 16-bit restoring division. Quotient replaces operand 1;
  831:				    ; remainder is intentionally discarded.
  832:	  045E	EC		    MOV A, R4
  833:	  045F	4D		    ORL A, R5
  834:	  0460	70 03		    JNZ DIVISOR_VALID
  835:	  0462	02 04 FF	    LJMP DIVIDE_BY_ZERO
  836:	  0465			DIVISOR_VALID:
  837:
  838:	  0465	8A 31		    MOV TMP_H, R2                ; Shifting dividend
  839:	  0467	8B 32		    MOV TMP_L, R3
  840:	  0469	75 33 00	    MOV QUO_H, #00H
  841:	  046C	75 34 00	    MOV QUO_L, #00H
  842:	  046F	75 35 00	    MOV REM_H, #00H
  843:	  0472	75 36 00	    MOV REM_L, #00H
  844:	  0475	78 10		    MOV R0, #16
  845:
  846:	  0477			DIV16_LOOP:
  847:				    ; Take the next dividend bit from the MSB side.
  848:	  0477	C3		    CLR C
  849:	  0478	E5 32		    MOV A, TMP_L
  850:	  047A	33		    RLC A
  851:	  047B	F5 32		    MOV TMP_L, A
  852:	  047D	E5 31		    MOV A, TMP_H
  853:	  047F	33		    RLC A
  854:	  0480	F5 31		    MOV TMP_H, A
  855:
  856:				    ; remainder = remainder*2 + next dividend bit.
  857:	  0482	E5 36		    MOV A, REM_L
  858:	  0484	33		    RLC A
  859:	  0485	F5 36		    MOV REM_L, A
  860:	  0487	E5 35		    MOV A, REM_H
  861:	  0489	33		    RLC A
  862:	  048A	F5 35		    MOV REM_H, A
  863:	  048C	75 42 00	    MOV DIV_OVER, #00H
  864:	  048F	50 03		    JNC DIV16_NO_REM_OVER
  865:	  0491	75 42 01	    MOV DIV_OVER, #01H
  866:	  0494			DIV16_NO_REM_OVER:
  867:
  868:				    ; Make space for the next quotient bit.
  869:	  0494	C3		    CLR C
  870:	  0495	E5 34		    MOV A, QUO_L
  871:	  0497	33		    RLC A
  872:	  0498	F5 34		    MOV QUO_L, A
  873:	  049A	E5 33		    MOV A, QUO_H
  874:	  049C	33		    RLC A
  875:	  049D	F5 33		    MOV QUO_H, A
  876:
  877:				    ; A 17th remainder bit means remainder is certainly >= divisor.
  878:	  049F	E5 42		    MOV A, DIV_OVER
  879:	  04A1	70 0E		    JNZ DIV16_SUBTRACT
  880:
  881:				    ; Unsigned compare remainder with divisor.
  882:	  04A3	E5 35		    MOV A, REM_H
  883:	  04A5	C3		    CLR C

ASEM-51 V1.3                                        Copyright (c) 2002 by W.W. Heinz                                         PAGE 17



 Line  I  Addr  Code            Source

  884:	  04A6	9C		    SUBB A, R4
  885:	  04A7	40 16		    JC DIV16_LESS
  886:	  04A9	70 06		    JNZ DIV16_SUBTRACT
  887:	  04AB	E5 36		    MOV A, REM_L
  888:	  04AD	C3		    CLR C
  889:	  04AE	9D		    SUBB A, R5
  890:	  04AF	40 0E		    JC DIV16_LESS
  891:
  892:	  04B1			DIV16_SUBTRACT:
  893:	  04B1	C3		    CLR C
  894:	  04B2	E5 36		    MOV A, REM_L
  895:	  04B4	9D		    SUBB A, R5
  896:	  04B5	F5 36		    MOV REM_L, A
  897:	  04B7	E5 35		    MOV A, REM_H
  898:	  04B9	9C		    SUBB A, R4
  899:	  04BA	F5 35		    MOV REM_H, A
  900:	  04BC	43 34 01	    ORL QUO_L, #01H
  901:
  902:	  04BF			DIV16_LESS:
  903:	  04BF	D8 B6		    DJNZ R0, DIV16_LOOP
  904:	  04C1	AA 33		    MOV R2, QUO_H
  905:	  04C3	AB 34		    MOV R3, QUO_L
  906:	  04C5	EA		    MOV A, R2
  907:	  04C6	4B		    ORL A, R3
  908:	  04C7	70 02		    JNZ DIV16_KEEP_SIGN
  909:	  04C9	C2 02		    CLR 20H.2                    ; Never display negative zero
  910:	  04CB			DIV16_KEEP_SIGN:
  911:	  04CB	22		    RET
  912:
  913:	  04CC			MATH_SQUARE:
  914:	  04CC	EA		    MOV A, R2
  915:	  04CD	FC		    MOV R4, A
  916:	  04CE	EB		    MOV A, R3
  917:	  04CF	FD		    MOV R5, A
  918:	  04D0	C2 02		    CLR 20H.2                    ; A square is always non-negative
  919:	  04D2	12 03 ED	    LCALL MATH_MUL              ; Same 16-bit overflow checking as multiply
  920:	  04D5	C2 01		    CLR 20H.1
  921:	  04D7	22		    RET
  922:
  923:				; ==============================================================================
  924:				; REQUIRED 8-BIT LOGICAL OPERATIONS
  925:				; ==============================================================================
  926:	  04D8			LOGIC_AND:
  927:	  04D8	20 02 18	    JB 20H.2, NEGATIVE_LOGIC_ERROR
  928:	  04DB	EB		    MOV A, R3
  929:	  04DC	5D		    ANL A, R5
  930:	  04DD	FB		    MOV R3, A
  931:	  04DE	7A 00		    MOV R2, #00H
  932:	  04E0	22		    RET
  933:
  934:	  04E1			LOGIC_OR:
  935:	  04E1	20 02 0F	    JB 20H.2, NEGATIVE_LOGIC_ERROR
  936:	  04E4	EB		    MOV A, R3
  937:	  04E5	4D		    ORL A, R5
  938:	  04E6	FB		    MOV R3, A
  939:	  04E7	7A 00		    MOV R2, #00H

ASEM-51 V1.3                                        Copyright (c) 2002 by W.W. Heinz                                         PAGE 18



 Line  I  Addr  Code            Source

  940:	  04E9	22		    RET
  941:
  942:	  04EA			LOGIC_XOR:
  943:	  04EA	20 02 06	    JB 20H.2, NEGATIVE_LOGIC_ERROR
  944:	  04ED	EB		    MOV A, R3
  945:	  04EE	6D		    XRL A, R5
  946:	  04EF	FB		    MOV R3, A
  947:	  04F0	7A 00		    MOV R2, #00H
  948:	  04F2	22		    RET
  949:
  950:	  04F3			NEGATIVE_LOGIC_ERROR:
  951:				    ; Trade-off: negative ANS is stored as sign+magnitude, while the required
  952:				    ; logical functions are defined for unsigned 8-bit inputs.
  953:	  04F3	75 41 06	    MOV ERROR_CODE, #06H
  954:	  04F6	02 05 05	    LJMP SET_ERROR
  955:
  956:				; ==============================================================================
  957:				; ERROR DETECTION
  958:				; ==============================================================================
  959:	  04F9			ARITH_OVERFLOW:
  960:	  04F9	75 41 01	    MOV ERROR_CODE, #01H
  961:	  04FC	02 05 05	    LJMP SET_ERROR
  962:
  963:	  04FF			DIVIDE_BY_ZERO:
  964:	  04FF	75 41 03	    MOV ERROR_CODE, #03H
  965:	  0502	02 05 05	    LJMP SET_ERROR
  966:
  967:	  0505			SET_ERROR:
  968:	  0505	D2 00		    SETB 20H.0
  969:	  0507	22		    RET
  970:
  971:				; ==============================================================================
  972:				; RESULT AND ERROR DISPLAY
  973:				; ==============================================================================
  974:	  0508			DISPLAY_RESULT:
  975:	  0508	20 00 09	    JB 20H.0, DISPLAY_ERROR
  976:	  050B	12 01 F9	    LCALL LCD_CLEAR_LINE2
  977:	  050E	12 05 40	    LCALL LCD_PRINT_U16_RIGHT
  978:	  0511	D2 03		    SETB 20H.3                    ; Enable new-entry and ANS behavior
  979:	  0513	22		    RET
  980:
  981:	  0514			DISPLAY_ERROR:
  982:	  0514	12 01 F9	    LCALL LCD_CLEAR_LINE2
  983:	  0517	E5 41		    MOV A, ERROR_CODE
  984:	  0519	B4 01 05	    CJNE A, #01H, ERR_CHK_ZERO
  985:	  051C	90 05 D1	    MOV DPTR, #STR_ERR_OVERFLOW
  986:	  051F	80 1B		    SJMP ERROR_PRINT
  987:	  0521			ERR_CHK_ZERO:
  988:	  0521	B4 03 05	    CJNE A, #03H, ERR_CHK_INPUT
  989:	  0524	90 05 E0	    MOV DPTR, #STR_ERR_DIV_ZERO
  990:	  0527	80 13		    SJMP ERROR_PRINT
  991:	  0529			ERR_CHK_INPUT:
  992:	  0529	B4 04 05	    CJNE A, #04H, ERR_CHK_OPERATOR
  993:	  052C	90 05 EF	    MOV DPTR, #STR_ERR_INPUT
  994:	  052F	80 0B		    SJMP ERROR_PRINT
  995:	  0531			ERR_CHK_OPERATOR:

ASEM-51 V1.3                                        Copyright (c) 2002 by W.W. Heinz                                         PAGE 19



 Line  I  Addr  Code            Source

  996:	  0531	B4 06 05	    CJNE A, #06H, ERR_UNKNOWN
  997:	  0534	90 06 00	    MOV DPTR, #STR_ERR_NEG_LOGIC
  998:	  0537	80 03		    SJMP ERROR_PRINT
  999:	  0539			ERR_UNKNOWN:
 1000:	  0539	90 06 10	    MOV DPTR, #STR_ERROR
 1001:	  053C			ERROR_PRINT:
 1002:	  053C	12 01 EE	    LCALL LCD_PUTS
 1003:	  053F	22		    RET
 1004:
 1005:	  0540			LCD_PRINT_U16_RIGHT:
 1006:				    ; Convert the sign+magnitude result to decimal and right-align it on line 2.
 1007:				    ; Digits are stacked as ASCII, then popped in most-significant-first order.
 1008:	  0540	8A 31		    MOV TMP_H, R2
 1009:	  0542	8B 32		    MOV TMP_L, R3
 1010:	  0544	E5 31		    MOV A, TMP_H
 1011:	  0546	45 32		    ORL A, TMP_L
 1012:	  0548	70 0B		    JNZ U16_CONVERT
 1013:	  054A	74 CF		    MOV A, #0CFH                  ; Line 2, final character position
 1014:	  054C	12 01 CC	    LCALL LCD_CMD
 1015:	  054F	74 30		    MOV A, #'0'
 1016:	  0551	12 01 DD	    LCALL LCD_DATA
 1017:	  0554	22		    RET
 1018:
 1019:	  0555			U16_CONVERT:
 1020:	  0555	78 00		    MOV R0, #00H
 1021:	  0557			U16_DIVIDE_LOOP:
 1022:	  0557	12 05 8A	    LCALL DIV_TMP_BY_10
 1023:	  055A	24 30		    ADD A, #30H
 1024:	  055C	C0 E0		    PUSH ACC
 1025:	  055E	08		    INC R0
 1026:	  055F	E5 31		    MOV A, TMP_H
 1027:	  0561	45 32		    ORL A, TMP_L
 1028:	  0563	70 F2		    JNZ U16_DIVIDE_LOOP
 1029:
 1030:				    ; Cursor = line-2 base + (16 - digit count - optional minus sign).
 1031:	  0565	88 43		    MOV DIGIT_COUNT, R0
 1032:	  0567	E8		    MOV A, R0
 1033:	  0568	30 02 01	    JNB 20H.2, U16_ALIGN_COUNT_READY
 1034:	  056B	04		    INC A
 1035:	  056C			U16_ALIGN_COUNT_READY:
 1036:	  056C	F5 F0		    MOV B, A
 1037:	  056E	74 10		    MOV A, #16
 1038:	  0570	C3		    CLR C
 1039:	  0571	95 F0		    SUBB A, B
 1040:	  0573	24 C0		    ADD A, #0C0H
 1041:	  0575	12 01 CC	    LCALL LCD_CMD
 1042:
 1043:	  0578	30 02 05	    JNB 20H.2, U16_PRINT_PREPARE
 1044:	  057B	74 2D		    MOV A, #'-'
 1045:	  057D	12 01 DD	    LCALL LCD_DATA
 1046:
 1047:	  0580			U16_PRINT_PREPARE:
 1048:	  0580	A8 43		    MOV R0, DIGIT_COUNT
 1049:	  0582			U16_PRINT_LOOP:
 1050:	  0582	D0 E0		    POP ACC
 1051:	  0584	12 01 DD	    LCALL LCD_DATA

ASEM-51 V1.3                                        Copyright (c) 2002 by W.W. Heinz                                         PAGE 20



 Line  I  Addr  Code            Source

 1052:	  0587	D8 F9		    DJNZ R0, U16_PRINT_LOOP
 1053:	  0589	22		    RET
 1054:
 1055:	  058A			DIV_TMP_BY_10:
 1056:				    ; Divide TMP_H:TMP_L by 10 using 16 restoring-division steps.
 1057:				    ; Quotient returns in TMP_H:TMP_L; remainder (0..9) returns in A.
 1058:	  058A	75 33 00	    MOV QUO_H, #00H
 1059:	  058D	75 34 00	    MOV QUO_L, #00H
 1060:	  0590	75 36 00	    MOV REM_L, #00H
 1061:	  0593	79 10		    MOV R1, #16
 1062:
 1063:	  0595			DIV10_LOOP:
 1064:	  0595	C3		    CLR C
 1065:	  0596	E5 32		    MOV A, TMP_L
 1066:	  0598	33		    RLC A
 1067:	  0599	F5 32		    MOV TMP_L, A
 1068:	  059B	E5 31		    MOV A, TMP_H
 1069:	  059D	33		    RLC A
 1070:	  059E	F5 31		    MOV TMP_H, A
 1071:
 1072:	  05A0	E5 36		    MOV A, REM_L
 1073:	  05A2	33		    RLC A
 1074:	  05A3	F5 36		    MOV REM_L, A
 1075:
 1076:	  05A5	C3		    CLR C
 1077:	  05A6	E5 34		    MOV A, QUO_L
 1078:	  05A8	33		    RLC A
 1079:	  05A9	F5 34		    MOV QUO_L, A
 1080:	  05AB	E5 33		    MOV A, QUO_H
 1081:	  05AD	33		    RLC A
 1082:	  05AE	F5 33		    MOV QUO_H, A
 1083:
 1084:	  05B0	E5 36		    MOV A, REM_L
 1085:	  05B2	C3		    CLR C
 1086:	  05B3	94 0A		    SUBB A, #10
 1087:	  05B5	40 05		    JC DIV10_LESS
 1088:	  05B7	F5 36		    MOV REM_L, A
 1089:	  05B9	43 34 01	    ORL QUO_L, #01H
 1090:	  05BC			DIV10_LESS:
 1091:	  05BC	D9 D7		    DJNZ R1, DIV10_LOOP
 1092:
 1093:	  05BE	85 33 31	    MOV TMP_H, QUO_H
 1094:	  05C1	85 34 32	    MOV TMP_L, QUO_L
 1095:	  05C4	E5 36		    MOV A, REM_L
 1096:	  05C6	22		    RET
 1097:
 1098:				; ==============================================================================
 1099:				; ZERO-TERMINATED LCD STRINGS (ALL FIT WITHIN A 16-CHARACTER LCD LINE)
 1100:				; ==============================================================================
 1101:	  05C7	52 45 41 44	STR_READY:          DB 'READY', 00H
	  05CB	59 00
 1102:	  05CD	41 4E 53 00	STR_ANS:            DB 'ANS', 00H
 1103:	  05D1	45 52 52 4F	STR_ERR_OVERFLOW:   DB 'ERROR:OVERFLOW', 00H
	  05D5	52 3A 4F 56
	  05D9	45 52 46 4C
	  05DD	4F 57 00

ASEM-51 V1.3                                        Copyright (c) 2002 by W.W. Heinz                                         PAGE 21



 Line  I  Addr  Code            Source

 1104:	  05E0	45 52 52 4F	STR_ERR_DIV_ZERO:   DB 'ERROR:DIV ZERO', 00H
	  05E4	52 3A 44 49
	  05E8	56 20 5A 45
	  05EC	52 4F 00
 1105:	  05EF	45 52 52 4F	STR_ERR_INPUT:      DB 'ERROR:INPUT SIZE', 00H
	  05F3	52 3A 49 4E
	  05F7	50 55 54 20
	  05FB	53 49 5A 45
	  05FF	00
 1106:	  0600	45 52 52 4F	STR_ERR_NEG_LOGIC:  DB 'ERROR:NEG LOGIC', 00H
	  0604	52 3A 4E 45
	  0608	47 20 4C 4F
	  060C	47 49 43 00
 1107:	  0610	45 52 52 4F	STR_ERROR:          DB 'ERROR', 00H
	  0614	52 00
 1108:
 1109:				    END





                     register banks used:  ---

                     no errors




ASEM-51 V1.3                                        Copyright (c) 2002 by W.W. Heinz                                         PAGE 22





	       L I S T   O F   S Y M B O L S
	       =============================


SYMBOL				  TYPE     VALUE	LINE
------------------------------------------------------------
??ASEM_51			  NUMBER    8051
??VERSION			  NUMBER    0130
AC				  BIT	      D6
ACC				  DATA	      E0
ACCUMULATE_DIGIT		  CODE	    02F1	 544
ACC_OP2				  CODE	    0312	 565
ADD_NEG_MAG_LARGER		  CODE	    03B6	 695
ADD_OK				  CODE	    039F	 668
ADD_POS_MAG_LARGER		  CODE	    03AC	 683
ADD_TO_NEGATIVE_ANS		  CODE	    03A0	 671
ARITH_OVERFLOW			  CODE	    04F9	 959
B				  DATA	      F0
CALC_LOOP			  CODE	    000F	  73
CHECK_DIGIT			  CODE	    0040	 104
CHECK_OPERATOR			  CODE	    0069	 137
CHECK_SHIFTED_DIGIT		  CODE	    0027	  88
CHK_AND				  CODE	    0374	 633
CHK_DIV				  CODE	    036D	 629
CHK_MUL				  CODE	    0366	 625
CHK_OR				  CODE	    037B	 637
CHK_SQUARE			  CODE	    0389	 645
CHK_SUB				  CODE	    035F	 621
CHK_XOR				  CODE	    0382	 641
CLEAR_ALL			  CODE	    0130	 251
CY				  BIT	      D7
DEBOUNCE_DELAY			  CODE	    02E8	 532
DEBOUNCE_OUTER			  CODE	    02EA	 535
DIGIT_COUNT			  NUMBER    0043	  54
DIGIT_ENTRY_READY		  CODE	    0051	 118
DIGIT_ERROR			  CODE	    0063	 130
DIGIT_TMP			  NUMBER    0030	  35
DISPLAY_ERROR			  CODE	    0514	 981
DISPLAY_RESULT			  CODE	    0508	 974
DIV10_LESS			  CODE	    05BC	1090
DIV10_LOOP			  CODE	    0595	1063
DIV16_KEEP_SIGN			  CODE	    04CB	 910
DIV16_LESS			  CODE	    04BF	 902
DIV16_LOOP			  CODE	    0477	 846
DIV16_NO_REM_OVER		  CODE	    0494	 866
DIV16_SUBTRACT			  CODE	    04B1	 892
DIVIDE_BY_ZERO			  CODE	    04FF	 963
DIVISOR_VALID			  CODE	    0465	 836
DIV_OVER			  NUMBER    0042	  53
DIV_TMP_BY_10			  CODE	    058A	1055
DO_CLEAR			  CODE	    0122	 237
DO_SQUARE			  CODE	    00F1	 210
DPH				  DATA	      83
DPL				  DATA	      82
EA				  BIT	      AF
EQUALS_SHOW			  CODE	    011C	 233

ASEM-51 V1.3                                        Copyright (c) 2002 by W.W. Heinz                                         PAGE 23



SYMBOL				  TYPE     VALUE	LINE
------------------------------------------------------------
ERROR_CODE			  NUMBER    0041	  52
ERROR_PRINT			  CODE	    053C	1001
ERR_CHK_INPUT			  CODE	    0529	 991
ERR_CHK_OPERATOR		  CODE	    0531	 995
ERR_CHK_ZERO			  CODE	    0521	 987
ERR_UNKNOWN			  CODE	    0539	 999
ES				  BIT	      AC
ET0				  BIT	      A9
ET1				  BIT	      AB
EX0				  BIT	      A8
EX1				  BIT	      AA
EXECUTE_MATH			  CODE	    0357	 616
EXTI0				  CODE	    0003
EXTI1				  CODE	    0013
F0				  BIT	      D5
GOT_KEY_0			  CODE	    02AA	 491
GOT_KEY_1			  CODE	    02AD	 493
GOT_KEY_2			  CODE	    02B0	 495
GOT_KEY_3			  CODE	    02B3	 497
GOT_KEY_4			  CODE	    02B6	 499
GOT_KEY_5			  CODE	    02B9	 501
GOT_KEY_6			  CODE	    02BC	 503
GOT_KEY_7			  CODE	    02BF	 505
GOT_KEY_8			  CODE	    02C2	 507
GOT_KEY_9			  CODE	    02C5	 509
GOT_KEY_A			  CODE	    02C8	 511
GOT_KEY_B			  CODE	    02CB	 513
GOT_KEY_C			  CODE	    02CE	 515
GOT_KEY_D			  CODE	    02D1	 517
GOT_KEY_HASH			  CODE	    02D7	 521
GOT_KEY_STAR			  CODE	    02D4	 519
HASH_EXECUTE			  CODE	    010E	 227
IE				  DATA	      A8
IE0				  BIT	      89
IE1				  BIT	      8B
INPUT_TOO_LARGE			  CODE	    0351	 609
INT0				  BIT	      B2
INT1				  BIT	      B3
IP				  DATA	      B8
IT0				  BIT	      88
IT1				  BIT	      8A
KEYPAD_SCAN			  CODE	    0246	 440
KEY_FOUND			  CODE	    0253	 448
LCD_CLEAR_L2_LOOP		  CODE	    0200	 383
LCD_CLEAR_LINE2			  CODE	    01F9	 379
LCD_CMD				  CODE	    01CC	 348
LCD_DATA			  CODE	    01DD	 358
LCD_DELAY			  CODE	    021C	 406
LCD_D_LOOP1			  CODE	    0222	 410
LCD_INIT			  CODE	    01B7	 337
LCD_PRINT_U16_RIGHT		  CODE	    0540	1005
LCD_PUTS			  CODE	    01EE	 368
LCD_PUTS_DONE			  CODE	    01F8	 376
LCD_SCROLL_LEFT			  CODE	    020D	 391
LCD_SCROLL_RIGHT		  CODE	    0213	 396
LOGIC_AND			  CODE	    04D8	 926

ASEM-51 V1.3                                        Copyright (c) 2002 by W.W. Heinz                                         PAGE 24



SYMBOL				  TYPE     VALUE	LINE
------------------------------------------------------------
LOGIC_OR			  CODE	    04E1	 934
LOGIC_XOR			  CODE	    04EA	 942
MAIN				  CODE	    0003	  67
MATH_ADD			  CODE	    0391	 656
MATH_DIV			  CODE	    045E	 829
MATH_MUL			  CODE	    03ED	 757
MATH_SQUARE			  CODE	    04CC	 913
MATH_SUB			  CODE	    03BE	 706
MC0				  NUMBER    0037	  42
MC1				  NUMBER    0038	  43
MC2				  NUMBER    0039	  44
MC3				  NUMBER    003A	  45
MUL0				  NUMBER    003F	  50
MUL1				  NUMBER    0040	  51
MUL10_OVERFLOW			  CODE	    034F	 605
MUL10_TMP_CHECK			  CODE	    032E	 583
MUL16_KEEP_SIGN			  CODE	    045D	 826
MUL16_LOOP			  CODE	    0409	 772
MUL16_NO_ADD			  CODE	    0428	 791
MUL16_VALID			  CODE	    0453	 819
NEGATIVE_LOGIC_ERROR		  CODE	    04F3	 950
NEXT_OPERAND			  CODE	    012B	 244
NO_OPERATOR_SELECTED		  CODE	    0390	 649
OP_A_READY			  CODE	    0075	 143
OP_B_READY			  CODE	    009A	 163
OP_C_READY			  CODE	    00BF	 183
OP_D_READY			  CODE	    00E4	 203
OV				  BIT	      D2
P				  BIT	      D0
P0				  DATA	      80
P1				  DATA	      90
P2				  DATA	      A0
P3				  DATA	      B0
PCON				  DATA	      87
PREPARE_ANS_DONE		  CODE	    019D	 310
PREPARE_ANS_EXPRESSION		  CODE	    0180	 295
PREPARE_OPERATOR_DONE		  CODE	    01B6	 331
PREPARE_OPERATOR_ENTRY		  CODE	    019E	 313
PREPARE_OPERATOR_ERROR		  CODE	    01B3	 329
PREPARE_OPERATOR_USE_ANS	  CODE	    01AF	 325
PROCESS_KEY			  CODE	    0018	  78
PROD0				  NUMBER    003B	  46
PROD1				  NUMBER    003C	  47
PROD2				  NUMBER    003D	  48
PROD3				  NUMBER    003E	  49
PS				  BIT	      BC
PSW				  DATA	      D0
PT0				  BIT	      B9
PT1				  BIT	      BB
PX0				  BIT	      B8
PX1				  BIT	      BA
QUO_H				  NUMBER    0033	  38
QUO_L				  NUMBER    0034	  39
RB8				  BIT	      9A
RD				  BIT	      B7
READY_DELAY			  CODE	    022D	 418

ASEM-51 V1.3                                        Copyright (c) 2002 by W.W. Heinz                                         PAGE 25



SYMBOL				  TYPE     VALUE	LINE
------------------------------------------------------------
READY_D_MIDDLE			  CODE	    0237	 427
READY_D_OUTER			  CODE	    0235	 425
REM_H				  NUMBER    0035	  40
REM_L				  NUMBER    0036	  41
REN				  BIT	      9C
RESET				  CODE	    0000
RI				  BIT	      98
RS0				  BIT	      D3
RS1				  BIT	      D4
RXD				  BIT	      B0
SBUF				  DATA	      99
SCAN_ROW_0			  CODE	    0263	 457
SCAN_ROW_1			  CODE	    0274	 465
SCAN_ROW_2			  CODE	    0285	 473
SCAN_ROW_3			  CODE	    0296	 481
SCON				  DATA	      98
SET_AND				  CODE	    0082	 150
SET_ERROR			  CODE	    0505	 967
SET_OR				  CODE	    00A7	 170
SET_XOR				  CODE	    00CC	 190
SHORT_DELAY			  CODE	    0219	 401
SINT				  CODE	    0023
SM0				  BIT	      9F
SM1				  BIT	      9E
SM2				  BIT	      9D
SP				  DATA	      81
START_NEW_ENTRY			  CODE	    0163	 278
STR_ANS				  CODE	    05CD	1102
STR_ERROR			  CODE	    0610	1107
STR_ERR_DIV_ZERO		  CODE	    05E0	1104
STR_ERR_INPUT			  CODE	    05EF	1105
STR_ERR_NEG_LOGIC		  CODE	    0600	1106
STR_ERR_OVERFLOW		  CODE	    05D1	1103
STR_READY			  CODE	    05C7	1101
SUB_FROM_NEGATIVE_ANS		  CODE	    03E1	 745
SUB_NEG_OK			  CODE	    03EC	 754
SUB_RESULT_NEGATIVE		  CODE	    03D7	 733
SUB_RESULT_POSITIVE		  CODE	    03CD	 722
T0				  BIT	      B4
T1				  BIT	      B5
TB8				  BIT	      9B
TCON				  DATA	      88
TF0				  BIT	      8D
TF1				  BIT	      8F
TH0				  DATA	      8C
TH1				  DATA	      8D
TI				  BIT	      99
TIMER0				  CODE	    000B
TIMER1				  CODE	    001B
TL0				  DATA	      8A
TL1				  DATA	      8B
TMOD				  DATA	      89
TMP_H				  NUMBER    0031	  36
TMP_L				  NUMBER    0032	  37
TR0				  BIT	      8C
TR1				  BIT	      8E

ASEM-51 V1.3                                        Copyright (c) 2002 by W.W. Heinz                                         PAGE 26



SYMBOL				  TYPE     VALUE	LINE
------------------------------------------------------------
TRY_B				  CODE	    008E	 157
TRY_C				  CODE	    00B3	 177
TRY_D				  CODE	    00D8	 197
TRY_HASH			  CODE	    0102	 220
TRY_SCROLL_RIGHT		  CODE	    0035	  97
TXD				  BIT	      B1
U16_ALIGN_COUNT_READY		  CODE	    056C	1035
U16_CONVERT			  CODE	    0555	1019
U16_DIVIDE_LOOP			  CODE	    0557	1021
U16_PRINT_LOOP			  CODE	    0582	1049
U16_PRINT_PREPARE		  CODE	    0580	1047
UNKNOWN_KEY			  CODE	    0128	 241
WAIT_KEY_RELEASE		  CODE	    02DA	 524
WR				  BIT	      B6
